{
  "filters_used": [
    {
      "path": "detect_secrets.filters.allowlist.is_line_allowlisted"
    },
    {
      "min_level": 2,
      "path": "detect_secrets.filters.common.is_ignored_due_to_verification_policies"
    },
    {
      "path": "detect_secrets.filters.heuristic.is_indirect_reference"
    },
    {
      "path": "detect_secrets.filters.heuristic.is_likely_id_string"
    },
    {
      "path": "detect_secrets.filters.heuristic.is_lock_file"
    },
    {
      "path": "detect_secrets.filters.heuristic.is_not_alphanumeric_string"
    },
    {
      "path": "detect_secrets.filters.heuristic.is_potential_uuid"
    },
    {
      "path": "detect_secrets.filters.heuristic.is_prefixed_with_dollar_sign"
    },
    {
      "path": "detect_secrets.filters.heuristic.is_sequential_string"
    },
    {
      "path": "detect_secrets.filters.heuristic.is_swagger_file"
    },
    {
      "path": "detect_secrets.filters.heuristic.is_templated_secret"
    },
    {
      "path": "detect_secrets.filters.regex.should_exclude_file",
      "pattern": [
        "(^|/)(\\.git|\\.venv|node_modules|__pycache__|\\.pytest_cache|\\.ruff_cache|coverage)(/|$)|(^|/)\\.secrets\\.baseline$"
      ]
    }
  ],
  "generated_at": "2026-08-20T22:08:37Z",
  "plugins_used": [
    {
      "name": "ArtifactoryDetector"
    },
    {
      "name": "AWSKeyDetector"
    },
    {
      "name": "AzureStorageKeyDetector"
    },
    {
      "limit": 4.5,
      "name": "Base64HighEntropyString"
    },
    {
      "name": "BasicAuthDetector"
    },
    {
      "name": "CloudantDetector"
    },
    {
      "name": "DiscordBotTokenDetector"
    },
    {
      "name": "GitHubTokenDetector"
    },
    {
      "name": "GitLabTokenDetector"
    },
    {
      "limit": 3.0,
      "name": "HexHighEntropyString"
    },
    {
      "name": "IbmCloudIamDetector"
    },
    {
      "name": "IbmCosHmacDetector"
    },
    {
      "name": "IPPublicDetector"
    },
    {
      "name": "JwtTokenDetector"
    },
    {
      "keyword_exclude": "",
      "name": "KeywordDetector"
    },
    {
      "name": "MailchimpDetector"
    },
    {
      "name": "NpmDetector"
    },
    {
      "name": "OpenAIDetector"
    },
    {
      "name": "PrivateKeyDetector"
    },
    {
      "name": "PypiTokenDetector"
    },
    {
      "name": "SendGridDetector"
    },
    {
      "name": "SlackDetector"
    },
    {
      "name": "SoftlayerDetector"
    },
    {
      "name": "SquareOAuthDetector"
    },
    {
      "name": "StripeDetector"
    },
    {
      "name": "TelegramBotTokenDetector"
    },
    {
      "name": "TwilioKeyDetector"
    }
  ],
  "results": {
    ".github/workflows/ci.yml": [
      {
        "filename": ".github/workflows/ci.yml",
        "hashed_secret": "f4ed28bcd7415b1995b4dae08cb13ebf96712eef",
        "is_secret": false,
        "is_verified": false,
        "line_number": 201,
        "type": "Secret Keyword"
      }
    ],
    "aos/api/auth/tests/test_register_api.py": [
      {
        "filename": "aos/api/auth/tests/test_register_api.py",
        "hashed_secret": "6052acf657148ec39725c596e25bd0612fd301a6",
        "is_secret": false,
        "is_verified": false,
        "line_number": 47,
        "type": "Secret Keyword"
      }
    ],
    "aos/api/auth/verification.py": [
      {
        "filename": "aos/api/auth/verification.py",
        "hashed_secret": "a613756e030149431b0337e8b3a6c62440eb5ddc",
        "is_secret": false,
        "is_verified": false,
        "line_number": 16,
        "type": "Secret Keyword"
      }
    ],
    "aos/api/notifications/tests/test_notification_contracts.py": [
      {
        "filename": "aos/api/notifications/tests/test_notification_contracts.py",
        "hashed_secret": "31fed80da45f3bd60409a3fb5d6fe51589c53716",
        "is_secret": false,
        "is_verified": false,
        "line_number": 104,
        "type": "Base64 High Entropy String"
      }
    ],
    "aos/api/notifications/tests/test_notification_database.py": [
      {
        "filename": "aos/api/notifications/tests/test_notification_database.py",
        "hashed_secret": "31fed80da45f3bd60409a3fb5d6fe51589c53716",
        "is_secret": false,
        "is_verified": false,
        "line_number": 99,
        "type": "Base64 High Entropy String"
      },
      {
        "filename": "aos/api/notifications/tests/test_notification_database.py",
        "hashed_secret": "5ed21fb8243d1b1a554d8eaaa1dd46397f192785",
        "is_secret": false,
        "is_verified": false,
        "line_number": 227,
        "type": "Base64 High Entropy String"
      },
      {
        "filename": "aos/api/notifications/tests/test_notification_database.py",
        "hashed_secret": "5ed21fb8243d1b1a554d8eaaa1dd46397f192785",
        "is_secret": false,
        "is_verified": false,
        "line_number": 227,
        "type": "Secret Keyword"
      },
      {
        "filename": "aos/api/notifications/tests/test_notification_database.py",
        "hashed_secret": "7b16c51e882d2b71224b6c7a6735922aefe219c6",
        "is_secret": false,
        "is_verified": false,
        "line_number": 413,
        "type": "Base64 High Entropy String"
      },
      {
        "filename": "aos/api/notifications/tests/test_notification_database.py",
        "hashed_secret": "68cd7c26b18862ae4eb99d3566aa147215ab6aec",
        "is_secret": false,
        "is_verified": false,
        "line_number": 414,
        "type": "Base64 High Entropy String"
      },
      {
        "filename": "aos/api/notifications/tests/test_notification_database.py",
        "hashed_secret": "56bca60265d7333f345a14609b44d8b27c8da8aa",
        "is_secret": false,
        "is_verified": false,
        "line_number": 479,
        "type": "Base64 High Entropy String"
      },
      {
        "filename": "aos/api/notifications/tests/test_notification_database.py",
        "hashed_secret": "b21eb0707711fee9d001cf2086e8f438c411b1e0",
        "is_secret": false,
        "is_verified": false,
        "line_number": 498,
        "type": "Base64 High Entropy String"
      },
      {
        "filename": "aos/api/notifications/tests/test_notification_database.py",
        "hashed_secret": "3fcc77468881fd92e5c171b3c3973b7a21134f4c",
        "is_secret": false,
        "is_verified": false,
        "line_number": 521,
        "type": "Base64 High Entropy String"
      }
    ],
    "aos/api/notifications/tests/test_notification_web_push_config.py": [
      {
        "filename": "aos/api/notifications/tests/test_notification_web_push_config.py",
        "hashed_secret": "5ed21fb8243d1b1a554d8eaaa1dd46397f192785",
        "is_secret": false,
        "is_verified": false,
        "line_number": 37,
        "type": "Base64 High Entropy String"
      },
      {
        "filename": "aos/api/notifications/tests/test_notification_web_push_config.py",
        "hashed_secret": "5ed21fb8243d1b1a554d8eaaa1dd46397f192785",
        "is_secret": false,
        "is_verified": false,
        "line_number": 37,
        "type": "Secret Keyword"
      },
      {
        "filename": "aos/api/notifications/tests/test_notification_web_push_config.py",
        "hashed_secret": "c0dae0642bfe1cce3fdc052840d77d33d1c9cf26",
        "is_secret": false,
        "is_verified": false,
        "line_number": 46,
        "type": "Secret Keyword"
      }
    ],
    "aos/tests/test_backup_readiness.py": [
      {
        "filename": "aos/tests/test_backup_readiness.py",
        "hashed_secret": "3d7e2b492d3e050c16659f9b5c8f127d19a362d5",
        "is_secret": false,
        "is_verified": false,
        "line_number": 80,
        "type": "Base64 High Entropy String"
      },
      {
        "filename": "aos/tests/test_backup_readiness.py",
        "hashed_secret": "c6074a378f5827b9b90f58db5f32dc5530179aef",
        "is_secret": false,
        "is_verified": false,
        "line_number": 83,
        "type": "Secret Keyword"
      },
      {
        "filename": "aos/tests/test_backup_readiness.py",
        "hashed_secret": "ab5db58db053ef766241ec11a5ae146f2afa974a",
        "is_secret": false,
        "is_verified": false,
        "line_number": 316,
        "type": "Base64 High Entropy String"
      },
      {
        "filename": "aos/tests/test_backup_readiness.py",
        "hashed_secret": "9fcfb6d43477c1c9ed30f0d25fc19895d06939ed",
        "is_secret": false,
        "is_verified": false,
        "line_number": 343,
        "type": "Base64 High Entropy String"
      }
    ],
    "aos/tests/test_callback_atomicity_all_services.py": [
      {
        "filename": "aos/tests/test_callback_atomicity_all_services.py",
        "hashed_secret": "de79177de40edd7dac8f02562c8a67fa4f40f034",
        "is_secret": false,
        "is_verified": false,
        "line_number": 88,
        "type": "Secret Keyword"
      },
      {
        "filename": "aos/tests/test_callback_atomicity_all_services.py",
        "hashed_secret": "d4e0e04792fd434b5dc9c4155c178f66edcf4ed3",
        "is_secret": false,
        "is_verified": false,
        "line_number": 107,
        "type": "Secret Keyword"
      }
    ],
    "aos/tests/test_callback_security.py": [
      {
        "filename": "aos/tests/test_callback_security.py",
        "hashed_secret": "f7993c728b5735171c6073982a0b7e53428716db",
        "is_secret": false,
        "is_verified": false,
        "line_number": 31,
        "type": "Secret Keyword"
      }
    ],
    "aos/tests/test_core_feature_flows.py": [
      {
        "filename": "aos/tests/test_core_feature_flows.py",
        "hashed_secret": "6052acf657148ec39725c596e25bd0612fd301a6",
        "is_secret": false,
        "is_verified": false,
        "line_number": 55,
        "type": "Secret Keyword"
      }
    ],
    "aos/tests/test_job_monitoring.py": [
      {
        "filename": "aos/tests/test_job_monitoring.py",
        "hashed_secret": "3e5ba65036d9840f00e94b378d1ff28eedf7d843",
        "is_secret": false,
        "is_verified": false,
        "line_number": 62,
        "type": "Secret Keyword"
      }
    ],
    "aos/tests/test_operational_health.py": [
      {
        "filename": "aos/tests/test_operational_health.py",
        "hashed_secret": "bff16e0f5f8c7632bae80f0ea4395229961fbf1e",
        "is_secret": false,
        "is_verified": false,
        "line_number": 94,
        "type": "Base64 High Entropy String"
      },
      {
        "filename": "aos/tests/test_operational_health.py",
        "hashed_secret": "bff16e0f5f8c7632bae80f0ea4395229961fbf1e",
        "is_secret": false,
        "is_verified": false,
        "line_number": 94,
        "type": "Secret Keyword"
      },
      {
        "filename": "aos/tests/test_operational_health.py",
        "hashed_secret": "7cb68e973cf1ee4002eeea03500759232a21180b",
        "is_secret": false,
        "is_verified": false,
        "line_number": 100,
        "type": "Secret Keyword"
      },
      {
        "filename": "aos/tests/test_operational_health.py",
        "hashed_secret": "6eef286c2c6c4dc6a2960157b255482649861c4e",
        "is_secret": false,
        "is_verified": false,
        "line_number": 101,
        "type": "Base64 High Entropy String"
      },
      {
        "filename": "aos/tests/test_operational_health.py",
        "hashed_secret": "6eef286c2c6c4dc6a2960157b255482649861c4e",
        "is_secret": false,
        "is_verified": false,
        "line_number": 101,
        "type": "Secret Keyword"
      },
      {
        "filename": "aos/tests/test_operational_health.py",
        "hashed_secret": "ef0a06626ccf32196a94e103542b523992695c9d",
        "is_secret": false,
        "is_verified": false,
        "line_number": 103,
        "type": "Base64 High Entropy String"
      },
      {
        "filename": "aos/tests/test_operational_health.py",
        "hashed_secret": "ef0a06626ccf32196a94e103542b523992695c9d",
        "is_secret": false,
        "is_verified": false,
        "line_number": 103,
        "type": "Secret Keyword"
      },
      {
        "filename": "aos/tests/test_operational_health.py",
        "hashed_secret": "bbceb7ca1441b4d579f0b3cf4b65ad869ebb998d",
        "is_secret": false,
        "is_verified": false,
        "line_number": 104,
        "type": "Secret Keyword"
      },
      {
        "filename": "aos/tests/test_operational_health.py",
        "hashed_secret": "8a08a11d27516790821041d720f7b3b980756435",
        "is_secret": false,
        "is_verified": false,
        "line_number": 108,
        "type": "Base64 High Entropy String"
      },
      {
        "filename": "aos/tests/test_operational_health.py",
        "hashed_secret": "8a08a11d27516790821041d720f7b3b980756435",
        "is_secret": false,
        "is_verified": false,
        "line_number": 108,
        "type": "Secret Keyword"
      },
      {
        "filename": "aos/tests/test_operational_health.py",
        "hashed_secret": "ed6b094c7ff411e9b5248fca39996623101baaa2",
        "is_secret": false,
        "is_verified": false,
        "line_number": 109,
        "type": "Base64 High Entropy String"
      },
      {
        "filename": "aos/tests/test_operational_health.py",
        "hashed_secret": "ed6b094c7ff411e9b5248fca39996623101baaa2",
        "is_secret": false,
        "is_verified": false,
        "line_number": 109,
        "type": "Secret Keyword"
      },
      {
        "filename": "aos/tests/test_operational_health.py",
        "hashed_secret": "fd6ef9842e9f0e19a5cb37b99273bbd62b466cae",
        "is_secret": false,
        "is_verified": false,
        "line_number": 113,
        "type": "Secret Keyword"
      },
      {
        "filename": "aos/tests/test_operational_health.py",
        "hashed_secret": "a3b9c2f3141f5bc168b8d0f77f7245663d950c85",
        "is_secret": false,
        "is_verified": false,
        "line_number": 114,
        "type": "Secret Keyword"
      },
      {
        "filename": "aos/tests/test_operational_health.py",
        "hashed_secret": "27dc5aac7b84f7e18aef9986862c0b7a58bf6d41",
        "is_secret": false,
        "is_verified": false,
        "line_number": 118,
        "type": "Base64 High Entropy String"
      },
      {
        "filename": "aos/tests/test_operational_health.py",
        "hashed_secret": "27dc5aac7b84f7e18aef9986862c0b7a58bf6d41",
        "is_secret": false,
        "is_verified": false,
        "line_number": 118,
        "type": "Secret Keyword"
      },
      {
        "filename": "aos/tests/test_operational_health.py",
        "hashed_secret": "98ef0b19b4ad90526021ddfe32206750a69da7be",
        "is_secret": false,
        "is_verified": false,
        "line_number": 119,
        "type": "Secret Keyword"
      },
      {
        "filename": "aos/tests/test_operational_health.py",
        "hashed_secret": "4e0eed0e56b5f23df3cfa46d2047a21465874861",
        "is_secret": false,
        "is_verified": false,
        "line_number": 124,
        "type": "Base64 High Entropy String"
      },
      {
        "filename": "aos/tests/test_operational_health.py",
        "hashed_secret": "4e0eed0e56b5f23df3cfa46d2047a21465874861",
        "is_secret": false,
        "is_verified": false,
        "line_number": 124,
        "type": "Secret Keyword"
      },
      {
        "filename": "aos/tests/test_operational_health.py",
        "hashed_secret": "60e98b0da608486333f0dd1e052d9c224774f431",
        "is_secret": false,
        "is_verified": false,
        "line_number": 125,
        "type": "Secret Keyword"
      },
      {
        "filename": "aos/tests/test_operational_health.py",
        "hashed_secret": "5ac4e339ee6d966b95cfee5cc6994edeb5d7e46c",
        "is_secret": false,
        "is_verified": false,
        "line_number": 133,
        "type": "Secret Keyword"
      }
    ],
    "aos/tests/test_operational_metrics.py": [
      {
        "filename": "aos/tests/test_operational_metrics.py",
        "hashed_secret": "a342bf53418e082bad47456d30bcacab14ee0b6e",
        "is_secret": false,
        "is_verified": false,
        "line_number": 164,
        "type": "Secret Keyword"
      }
    ],
    "aos/tests/test_outbox_final_lifecycle_patch.py": [
      {
        "filename": "aos/tests/test_outbox_final_lifecycle_patch.py",
        "hashed_secret": "7171b7219a86ad882b3a6f1f1f6ad8843c103a4a",
        "is_secret": false,
        "is_verified": false,
        "line_number": 143,
        "type": "Secret Keyword"
      }
    ],
    "aos/tests/test_outbox_recovery_dispatch_all_services.py": [
      {
        "filename": "aos/tests/test_outbox_recovery_dispatch_all_services.py",
        "hashed_secret": "a007e0074e911c9409fb3d1b29aae5829884e5f6",
        "is_secret": false,
        "is_verified": false,
        "line_number": 79,
        "type": "Secret Keyword"
      },
      {
        "filename": "aos/tests/test_outbox_recovery_dispatch_all_services.py",
        "hashed_secret": "74f5a9306e241b1405a64c5546fbcd402df9f413",
        "is_secret": false,
        "is_verified": false,
        "line_number": 80,
        "type": "Secret Keyword"
      },
      {
        "filename": "aos/tests/test_outbox_recovery_dispatch_all_services.py",
        "hashed_secret": "b930fe7969e630c077161b000f16ccfe55b6612a",
        "is_secret": false,
        "is_verified": false,
        "line_number": 83,
        "type": "Secret Keyword"
      },
      {
        "filename": "aos/tests/test_outbox_recovery_dispatch_all_services.py",
        "hashed_secret": "4bef72b70a1b8d2c0e2cff344c95413f51c3d546",
        "is_secret": false,
        "is_verified": false,
        "line_number": 84,
        "type": "Secret Keyword"
      },
      {
        "filename": "aos/tests/test_outbox_recovery_dispatch_all_services.py",
        "hashed_secret": "5785cf537d6c2d90254a6da5bc7936e61bee3b5a",
        "is_secret": false,
        "is_verified": false,
        "line_number": 88,
        "type": "Secret Keyword"
      },
      {
        "filename": "aos/tests/test_outbox_recovery_dispatch_all_services.py",
        "hashed_secret": "6e6650b0173481e4e6597207af6b81033d3637b1",
        "is_secret": false,
        "is_verified": false,
        "line_number": 89,
        "type": "Secret Keyword"
      },
      {
        "filename": "aos/tests/test_outbox_recovery_dispatch_all_services.py",
        "hashed_secret": "ca70987a7f23736126afd8909c55ffd811633907",
        "is_secret": false,
        "is_verified": false,
        "line_number": 93,
        "type": "Secret Keyword"
      },
      {
        "filename": "aos/tests/test_outbox_recovery_dispatch_all_services.py",
        "hashed_secret": "a74fa8f5b1943a1af83780df07d3fe1223026d9f",
        "is_secret": false,
        "is_verified": false,
        "line_number": 94,
        "type": "Secret Keyword"
      },
      {
        "filename": "aos/tests/test_outbox_recovery_dispatch_all_services.py",
        "hashed_secret": "3665eb54006990a184895b7740850f2d17beeb55",
        "is_secret": false,
        "is_verified": false,
        "line_number": 98,
        "type": "Secret Keyword"
      },
      {
        "filename": "aos/tests/test_outbox_recovery_dispatch_all_services.py",
        "hashed_secret": "50cc10a28f2f91502c16d2ca4d2c75965de04542",
        "is_secret": false,
        "is_verified": false,
        "line_number": 99,
        "type": "Secret Keyword"
      },
      {
        "filename": "aos/tests/test_outbox_recovery_dispatch_all_services.py",
        "hashed_secret": "d4e0e04792fd434b5dc9c4155c178f66edcf4ed3",
        "is_secret": false,
        "is_verified": false,
        "line_number": 104,
        "type": "Secret Keyword"
      }
    ],
    "aos/tests/test_production_config_validation.py": [
      {
        "filename": "aos/tests/test_production_config_validation.py",
        "hashed_secret": "bff16e0f5f8c7632bae80f0ea4395229961fbf1e",
        "is_secret": false,
        "is_verified": false,
        "line_number": 43,
        "type": "Base64 High Entropy String"
      },
      {
        "filename": "aos/tests/test_production_config_validation.py",
        "hashed_secret": "bff16e0f5f8c7632bae80f0ea4395229961fbf1e",
        "is_secret": false,
        "is_verified": false,
        "line_number": 43,
        "type": "Secret Keyword"
      },
      {
        "filename": "aos/tests/test_production_config_validation.py",
        "hashed_secret": "7cb68e973cf1ee4002eeea03500759232a21180b",
        "is_secret": false,
        "is_verified": false,
        "line_number": 49,
        "type": "Secret Keyword"
      },
      {
        "filename": "aos/tests/test_production_config_validation.py",
        "hashed_secret": "6eef286c2c6c4dc6a2960157b255482649861c4e",
        "is_secret": false,
        "is_verified": false,
        "line_number": 50,
        "type": "Base64 High Entropy String"
      },
      {
        "filename": "aos/tests/test_production_config_validation.py",
        "hashed_secret": "6eef286c2c6c4dc6a2960157b255482649861c4e",
        "is_secret": false,
        "is_verified": false,
        "line_number": 50,
        "type": "Secret Keyword"
      },
      {
        "filename": "aos/tests/test_production_config_validation.py",
        "hashed_secret": "ef0a06626ccf32196a94e103542b523992695c9d",
        "is_secret": false,
        "is_verified": false,
        "line_number": 52,
        "type": "Base64 High Entropy String"
      },
      {
        "filename": "aos/tests/test_production_config_validation.py",
        "hashed_secret": "ef0a06626ccf32196a94e103542b523992695c9d",
        "is_secret": false,
        "is_verified": false,
        "line_number": 52,
        "type": "Secret Keyword"
      },
      {
        "filename": "aos/tests/test_production_config_validation.py",
        "hashed_secret": "bbceb7ca1441b4d579f0b3cf4b65ad869ebb998d",
        "is_secret": false,
        "is_verified": false,
        "line_number": 53,
        "type": "Secret Keyword"
      },
      {
        "filename": "aos/tests/test_production_config_validation.py",
        "hashed_secret": "8a08a11d27516790821041d720f7b3b980756435",
        "is_secret": false,
        "is_verified": false,
        "line_number": 57,
        "type": "Base64 High Entropy String"
      },
      {
        "filename": "aos/tests/test_production_config_validation.py",
        "hashed_secret": "8a08a11d27516790821041d720f7b3b980756435",
        "is_secret": false,
        "is_verified": false,
        "line_number": 57,
        "type": "Secret Keyword"
      },
      {
        "filename": "aos/tests/test_production_config_validation.py",
        "hashed_secret": "ed6b094c7ff411e9b5248fca39996623101baaa2",
        "is_secret": false,
        "is_verified": false,
        "line_number": 58,
        "type": "Base64 High Entropy String"
      },
      {
        "filename": "aos/tests/test_production_config_validation.py",
        "hashed_secret": "ed6b094c7ff411e9b5248fca39996623101baaa2",
        "is_secret": false,
        "is_verified": false,
        "line_number": 58,
        "type": "Secret Keyword"
      },
      {
        "filename": "aos/tests/test_production_config_validation.py",
        "hashed_secret": "fd6ef9842e9f0e19a5cb37b99273bbd62b466cae",
        "is_secret": false,
        "is_verified": false,
        "line_number": 62,
        "type": "Secret Keyword"
      },
      {
        "filename": "aos/tests/test_production_config_validation.py",
        "hashed_secret": "a3b9c2f3141f5bc168b8d0f77f7245663d950c85",
        "is_secret": false,
        "is_verified": false,
        "line_number": 63,
        "type": "Secret Keyword"
      },
      {
        "filename": "aos/tests/test_production_config_validation.py",
        "hashed_secret": "27dc5aac7b84f7e18aef9986862c0b7a58bf6d41",
        "is_secret": false,
        "is_verified": false,
        "line_number": 67,
        "type": "Base64 High Entropy String"
      },
      {
        "filename": "aos/tests/test_production_config_validation.py",
        "hashed_secret": "27dc5aac7b84f7e18aef9986862c0b7a58bf6d41",
        "is_secret": false,
        "is_verified": false,
        "line_number": 67,
        "type": "Secret Keyword"
      },
      {
        "filename": "aos/tests/test_production_config_validation.py",
        "hashed_secret": "98ef0b19b4ad90526021ddfe32206750a69da7be",
        "is_secret": false,
        "is_verified": false,
        "line_number": 68,
        "type": "Secret Keyword"
      },
      {
        "filename": "aos/tests/test_production_config_validation.py",
        "hashed_secret": "4e0eed0e56b5f23df3cfa46d2047a21465874861",
        "is_secret": false,
        "is_verified": false,
        "line_number": 73,
        "type": "Base64 High Entropy String"
      },
      {
        "filename": "aos/tests/test_production_config_validation.py",
        "hashed_secret": "4e0eed0e56b5f23df3cfa46d2047a21465874861",
        "is_secret": false,
        "is_verified": false,
        "line_number": 73,
        "type": "Secret Keyword"
      },
      {
        "filename": "aos/tests/test_production_config_validation.py",
        "hashed_secret": "60e98b0da608486333f0dd1e052d9c224774f431",
        "is_secret": false,
        "is_verified": false,
        "line_number": 74,
        "type": "Secret Keyword"
      },
      {
        "filename": "aos/tests/test_production_config_validation.py",
        "hashed_secret": "5ac4e339ee6d966b95cfee5cc6994edeb5d7e46c",
        "is_secret": false,
        "is_verified": false,
        "line_number": 81,
        "type": "Secret Keyword"
      },
      {
        "filename": "aos/tests/test_production_config_validation.py",
        "hashed_secret": "2fc58019fa7dc6dd9c594ba6911c75edb138f0d2",
        "is_secret": false,
        "is_verified": false,
        "line_number": 144,
        "type": "Secret Keyword"
      },
      {
        "filename": "aos/tests/test_production_config_validation.py",
        "hashed_secret": "5ed21fb8243d1b1a554d8eaaa1dd46397f192785",
        "is_secret": false,
        "is_verified": false,
        "line_number": 282,
        "type": "Base64 High Entropy String"
      },
      {
        "filename": "aos/tests/test_production_config_validation.py",
        "hashed_secret": "5ed21fb8243d1b1a554d8eaaa1dd46397f192785",
        "is_secret": false,
        "is_verified": false,
        "line_number": 282,
        "type": "Secret Keyword"
      }
    ],
    "aos/tests/test_search_ranking_stale_targets.py": [
      {
        "filename": "aos/tests/test_search_ranking_stale_targets.py",
        "hashed_secret": "fe1bae27cb7c1fb823f496f286e78f1d2ae87734",
        "is_secret": false,
        "is_verified": false,
        "line_number": 21,
        "type": "Secret Keyword"
      },
      {
        "filename": "aos/tests/test_search_ranking_stale_targets.py",
        "hashed_secret": "f7993c728b5735171c6073982a0b7e53428716db",
        "is_secret": false,
        "is_verified": false,
        "line_number": 22,
        "type": "Secret Keyword"
      }
    ],
    "ci/compose.env": [
      {
        "filename": "ci/compose.env",
        "hashed_secret": "0567b40d6336304e9f248eb21c2c03214c805fdb",
        "is_secret": false,
        "is_verified": false,
        "line_number": 2,
        "type": "Secret Keyword"
      },
      {
        "filename": "ci/compose.env",
        "hashed_secret": "a329fb2134e752f6baad7e5c07ee8666dfcd4e48",
        "is_secret": false,
        "is_verified": false,
        "line_number": 3,
        "type": "Secret Keyword"
      },
      {
        "filename": "ci/compose.env",
        "hashed_secret": "f4ed28bcd7415b1995b4dae08cb13ebf96712eef",
        "is_secret": false,
        "is_verified": false,
        "line_number": 6,
        "type": "Secret Keyword"
      }
    ],
    "ci/image-manifest-evidence.txt": [
      {
        "filename": "ci/image-manifest-evidence.txt",
        "hashed_secret": "4007175f68f58a022a73a7c5457f4d6051d5c8ae",
        "is_secret": false,
        "is_verified": false,
        "line_number": 2,
        "type": "Hex High Entropy String"
      },
      {
        "filename": "ci/image-manifest-evidence.txt",
        "hashed_secret": "2a1015962fe88d42bfd2ac00159a593c2c8d1e9f",
        "is_secret": false,
        "is_verified": false,
        "line_number": 4,
        "type": "Hex High Entropy String"
      }
    ],
    "ci/validate_deployment.py": [
      {
        "filename": "ci/validate_deployment.py",
        "hashed_secret": "158b484ae1f6f64f89da22397d25fbdafad02252",
        "is_secret": false,
        "is_verified": false,
        "line_number": 105,
        "type": "Hex High Entropy String"
      },
      {
        "filename": "ci/validate_deployment.py",
        "hashed_secret": "2ffe876dd41fcf0b299e3677557c34a5eb08f955",
        "is_secret": false,
        "is_verified": false,
        "line_number": 130,
        "type": "Base64 High Entropy String"
      },
      {
        "filename": "ci/validate_deployment.py",
        "hashed_secret": "27c6929aef41ae2bcadac15ca6abcaff72cda9cd",
        "is_secret": false,
        "is_verified": false,
        "line_number": 193,
        "type": "Private Key"
      }
    ],
    "ci/versions.env": [
      {
        "filename": "ci/versions.env",
        "hashed_secret": "7365737a6fc353861f6d84c6cfcbc47a23cc27c5",
        "is_secret": false,
        "is_verified": false,
        "line_number": 3,
        "type": "Hex High Entropy String"
      },
      {
        "filename": "ci/versions.env",
        "hashed_secret": "ccd38f9232cbfe2cb7061fc16c7dc60d87c23fa7",
        "is_secret": false,
        "is_verified": false,
        "line_number": 6,
        "type": "Hex High Entropy String"
      },
      {
        "filename": "ci/versions.env",
        "hashed_secret": "8781b338101b2ea6e6086a23caeb39d9329f2232",
        "is_secret": false,
        "is_verified": false,
        "line_number": 9,
        "type": "Hex High Entropy String"
      },
      {
        "filename": "ci/versions.env",
        "hashed_secret": "610d71e9c7e658c49d209eb59d59e859147c0cbc",
        "is_secret": false,
        "is_verified": false,
        "line_number": 11,
        "type": "Hex High Entropy String"
      },
      {
        "filename": "ci/versions.env",
        "hashed_secret": "33e37d4076c82a09838650bbedfb106f6b02efea",
        "is_secret": false,
        "is_verified": false,
        "line_number": 13,
        "type": "Hex High Entropy String"
      },
      {
        "filename": "ci/versions.env",
        "hashed_secret": "de9278fa50091f9ed1f9a5672f41823521ff50bd",
        "is_secret": false,
        "is_verified": false,
        "line_number": 15,
        "type": "Hex High Entropy String"
      },
      {
        "filename": "ci/versions.env",
        "hashed_secret": "a91adf86358aa80779a138072c39e2bef8a872ad",
        "is_secret": false,
        "is_verified": false,
        "line_number": 17,
        "type": "Hex High Entropy String"
      },
      {
        "filename": "ci/versions.env",
        "hashed_secret": "786dc0bb81ecd58b85fcd975623f9f4e6686067f",
        "is_secret": false,
        "is_verified": false,
        "line_number": 19,
        "type": "Hex High Entropy String"
      },
      {
        "filename": "ci/versions.env",
        "hashed_secret": "cda42a441ce6540873930724dea6a724dda0bf32",
        "is_secret": false,
        "is_verified": false,
        "line_number": 28,
        "type": "Hex High Entropy String"
      },
      {
        "filename": "ci/versions.env",
        "hashed_secret": "6f6cc0399221d59a4513278055e268d988161564",
        "is_secret": false,
        "is_verified": false,
        "line_number": 29,
        "type": "Hex High Entropy String"
      }
    ],
    "docs/features/auth/api.md": [
      {
        "filename": "docs/features/auth/api.md",
        "hashed_secret": "6052acf657148ec39725c596e25bd0612fd301a6",
        "is_secret": false,
        "is_verified": false,
        "line_number": 125,
        "type": "Secret Keyword"
      },
      {
        "filename": "docs/features/auth/api.md",
        "hashed_secret": "afdf4f40663c68538dd9730fbfc5d13319ed3497",
        "is_secret": false,
        "is_verified": false,
        "line_number": 410,
        "type": "Secret Keyword"
      },
      {
        "filename": "docs/features/auth/api.md",
        "hashed_secret": "72b9570090ad15eda64fe4279acc64dad2e12049",
        "is_secret": false,
        "is_verified": false,
        "line_number": 433,
        "type": "Secret Keyword"
      }
    ],
    "docs/production/load-testing.md": [
      {
        "filename": "docs/production/load-testing.md",
        "hashed_secret": "938619dc5062f6f0986653b1724557e2303ec802",
        "is_secret": false,
        "is_verified": false,
        "line_number": 76,
        "type": "Secret Keyword"
      },
      {
        "filename": "docs/production/load-testing.md",
        "hashed_secret": "c139f8f168cc263753c459664622817ef4a2d923",
        "is_secret": false,
        "is_verified": false,
        "line_number": 94,
        "type": "Secret Keyword"
      }
    ],
    "infra/analytics-pipeline/tests/test_real_redis_rq_lifecycle.py": [
      {
        "filename": "infra/analytics-pipeline/tests/test_real_redis_rq_lifecycle.py",
        "hashed_secret": "f7993c728b5735171c6073982a0b7e53428716db",
        "is_secret": false,
        "is_verified": false,
        "line_number": 114,
        "type": "Secret Keyword"
      }
    ],
    "infra/analytics-pipeline/tests/test_service.py": [
      {
        "filename": "infra/analytics-pipeline/tests/test_service.py",
        "hashed_secret": "a8e6ea9e77cd178ecc184aa2d3df5513ee7645c2",
        "is_secret": false,
        "is_verified": false,
        "line_number": 10,
        "type": "Secret Keyword"
      },
      {
        "filename": "infra/analytics-pipeline/tests/test_service.py",
        "hashed_secret": "d6eb9328ea6b3347631f311395ab71c4d684d8c6",
        "is_secret": false,
        "is_verified": false,
        "line_number": 141,
        "type": "Secret Keyword"
      },
      {
        "filename": "infra/analytics-pipeline/tests/test_service.py",
        "hashed_secret": "e72a8f837465e44060e536bb6ab4bebf7dbd5cf1",
        "is_secret": false,
        "is_verified": false,
        "line_number": 260,
        "type": "JSON Web Token"
      }
    ],
    "infra/analytics-pipeline/tests/test_worker.py": [
      {
        "filename": "infra/analytics-pipeline/tests/test_worker.py",
        "hashed_secret": "3514cbdee7f89ab21d38a36580664b9184c96bd3",
        "is_secret": false,
        "is_verified": false,
        "line_number": 12,
        "type": "Secret Keyword"
      }
    ],
    "infra/background-removal/tests/test_service.py": [
      {
        "filename": "infra/background-removal/tests/test_service.py",
        "hashed_secret": "d6eb9328ea6b3347631f311395ab71c4d684d8c6",
        "is_secret": false,
        "is_verified": false,
        "line_number": 102,
        "type": "Secret Keyword"
      },
      {
        "filename": "infra/background-removal/tests/test_service.py",
        "hashed_secret": "e72a8f837465e44060e536bb6ab4bebf7dbd5cf1",
        "is_secret": false,
        "is_verified": false,
        "line_number": 180,
        "type": "JSON Web Token"
      }
    ],
    "infra/backup/tests/test_local_encrypted_retention.py": [
      {
        "filename": "infra/backup/tests/test_local_encrypted_retention.py",
        "hashed_secret": "b3962508b5e57a4a6f45c42b15a43bd5ac7c6cf6",
        "is_secret": false,
        "is_verified": false,
        "line_number": 68,
        "type": "Base64 High Entropy String"
      }
    ],
    "infra/image-search/tests/test_image_loader_security.py": [
      {
        "filename": "infra/image-search/tests/test_image_loader_security.py",
        "hashed_secret": "85d9f241e5abeb41e4f0e6ce7d84b527b682e5a6",
        "is_secret": false,
        "is_verified": false,
        "line_number": 19,
        "type": "Secret Keyword"
      }
    ],
    "infra/image-search/tests/test_service.py": [
      {
        "filename": "infra/image-search/tests/test_service.py",
        "hashed_secret": "d6eb9328ea6b3347631f311395ab71c4d684d8c6",
        "is_secret": false,
        "is_verified": false,
        "line_number": 188,
        "type": "Secret Keyword"
      },
      {
        "filename": "infra/image-search/tests/test_service.py",
        "hashed_secret": "e72a8f837465e44060e536bb6ab4bebf7dbd5cf1",
        "is_secret": false,
        "is_verified": false,
        "line_number": 266,
        "type": "JSON Web Token"
      }
    ],
    "infra/load-testing/k6/env.example.json": [
      {
        "filename": "infra/load-testing/k6/env.example.json",
        "hashed_secret": "938619dc5062f6f0986653b1724557e2303ec802",
        "is_secret": false,
        "is_verified": false,
        "line_number": 4,
        "type": "Secret Keyword"
      },
      {
        "filename": "infra/load-testing/k6/env.example.json",
        "hashed_secret": "c139f8f168cc263753c459664622817ef4a2d923",
        "is_secret": false,
        "is_verified": false,
        "line_number": 8,
        "type": "Secret Keyword"
      }
    ],
    "infra/load-testing/k6/env.example.sh": [
      {
        "filename": "infra/load-testing/k6/env.example.sh",
        "hashed_secret": "938619dc5062f6f0986653b1724557e2303ec802",
        "is_secret": false,
        "is_verified": false,
        "line_number": 9,
        "type": "Secret Keyword"
      },
      {
        "filename": "infra/load-testing/k6/env.example.sh",
        "hashed_secret": "c139f8f168cc263753c459664622817ef4a2d923",
        "is_secret": false,
        "is_verified": false,
        "line_number": 15,
        "type": "Secret Keyword"
      }
    ],
    "infra/moderation/tests/test_service.py": [
      {
        "filename": "infra/moderation/tests/test_service.py",
        "hashed_secret": "a8e6ea9e77cd178ecc184aa2d3df5513ee7645c2",
        "is_secret": false,
        "is_verified": false,
        "line_number": 10,
        "type": "Secret Keyword"
      },
      {
        "filename": "infra/moderation/tests/test_service.py",
        "hashed_secret": "d6eb9328ea6b3347631f311395ab71c4d684d8c6",
        "is_secret": false,
        "is_verified": false,
        "line_number": 119,
        "type": "Secret Keyword"
      },
      {
        "filename": "infra/moderation/tests/test_service.py",
        "hashed_secret": "e72a8f837465e44060e536bb6ab4bebf7dbd5cf1",
        "is_secret": false,
        "is_verified": false,
        "line_number": 238,
        "type": "JSON Web Token"
      }
    ],
    "infra/notification-delivery/firebase-service-account.example.json": [
      {
        "filename": "infra/notification-delivery/firebase-service-account.example.json",
        "hashed_secret": "652df3469825b92b56f9e880155c5c2c4ad28084",
        "is_secret": false,
        "is_verified": false,
        "line_number": 5,
        "type": "Secret Keyword"
      }
    ],
    "infra/notification-delivery/tests/test_service.py": [
      {
        "filename": "infra/notification-delivery/tests/test_service.py",
        "hashed_secret": "a8e6ea9e77cd178ecc184aa2d3df5513ee7645c2",
        "is_secret": false,
        "is_verified": false,
        "line_number": 10,
        "type": "Secret Keyword"
      },
      {
        "filename": "infra/notification-delivery/tests/test_service.py",
        "hashed_secret": "1348b145fa1a555461c1b790a2f66614781091e9",
        "is_secret": false,
        "is_verified": false,
        "line_number": 100,
        "type": "Private Key"
      },
      {
        "filename": "infra/notification-delivery/tests/test_service.py",
        "hashed_secret": "7a1f8c196e0ae6f099ee2c28da6865339a38212c",
        "is_secret": false,
        "is_verified": false,
        "line_number": 198,
        "type": "Base64 High Entropy String"
      },
      {
        "filename": "infra/notification-delivery/tests/test_service.py",
        "hashed_secret": "d6eb9328ea6b3347631f311395ab71c4d684d8c6",
        "is_secret": false,
        "is_verified": false,
        "line_number": 284,
        "type": "Secret Keyword"
      },
      {
        "filename": "infra/notification-delivery/tests/test_service.py",
        "hashed_secret": "e72a8f837465e44060e536bb6ab4bebf7dbd5cf1",
        "is_secret": false,
        "is_verified": false,
        "line_number": 403,
        "type": "JSON Web Token"
      }
    ],
    "infra/search-ranking/tests/test_service.py": [
      {
        "filename": "infra/search-ranking/tests/test_service.py",
        "hashed_secret": "a8e6ea9e77cd178ecc184aa2d3df5513ee7645c2",
        "is_secret": false,
        "is_verified": false,
        "line_number": 10,
        "type": "Secret Keyword"
      },
      {
        "filename": "infra/search-ranking/tests/test_service.py",
        "hashed_secret": "d6eb9328ea6b3347631f311395ab71c4d684d8c6",
        "is_secret": false,
        "is_verified": false,
        "line_number": 120,
        "type": "Secret Keyword"
      },
      {
        "filename": "infra/search-ranking/tests/test_service.py",
        "hashed_secret": "e72a8f837465e44060e536bb6ab4bebf7dbd5cf1",
        "is_secret": false,
        "is_verified": false,
        "line_number": 239,
        "type": "JSON Web Token"
      }
    ],
    "infra/translation/tests/test_service.py": [
      {
        "filename": "infra/translation/tests/test_service.py",
        "hashed_secret": "d6eb9328ea6b3347631f311395ab71c4d684d8c6",
        "is_secret": false,
        "is_verified": false,
        "line_number": 100,
        "type": "Secret Keyword"
      },
      {
        "filename": "infra/translation/tests/test_service.py",
        "hashed_secret": "e72a8f837465e44060e536bb6ab4bebf7dbd5cf1",
        "is_secret": false,
        "is_verified": false,
        "line_number": 178,
        "type": "JSON Web Token"
      }
    ],
    "infra/video-processing/tests/test_service.py": [
      {
        "filename": "infra/video-processing/tests/test_service.py",
        "hashed_secret": "a8e6ea9e77cd178ecc184aa2d3df5513ee7645c2",
        "is_secret": false,
        "is_verified": false,
        "line_number": 10,
        "type": "Secret Keyword"
      },
      {
        "filename": "infra/video-processing/tests/test_service.py",
        "hashed_secret": "d6eb9328ea6b3347631f311395ab71c4d684d8c6",
        "is_secret": false,
        "is_verified": false,
        "line_number": 135,
        "type": "Secret Keyword"
      },
      {
        "filename": "infra/video-processing/tests/test_service.py",
        "hashed_secret": "e72a8f837465e44060e536bb6ab4bebf7dbd5cf1",
        "is_secret": false,
        "is_verified": false,
        "line_number": 254,
        "type": "JSON Web Token"
      }
    ],
    "infra/video-processing/tests/test_worker.py": [
      {
        "filename": "infra/video-processing/tests/test_worker.py",
        "hashed_secret": "fe1bae27cb7c1fb823f496f286e78f1d2ae87734",
        "is_secret": false,
        "is_verified": false,
        "line_number": 33,
        "type": "Secret Keyword"
      }
    ]
  },
  "version": "1.5.0"
}
