{
  "version": "1.5.0",
  "plugins_used": [
    {
      "name": "ArtifactoryDetector"
    },
    {
      "name": "AWSKeyDetector"
    },
    {
      "name": "AzureStorageKeyDetector"
    },
    {
      "name": "Base64HighEntropyString",
      "limit": 4.5
    },
    {
      "name": "BasicAuthDetector"
    },
    {
      "name": "CloudantDetector"
    },
    {
      "name": "DiscordBotTokenDetector"
    },
    {
      "name": "GitHubTokenDetector"
    },
    {
      "name": "GitLabTokenDetector"
    },
    {
      "name": "HexHighEntropyString",
      "limit": 3.0
    },
    {
      "name": "IbmCloudIamDetector"
    },
    {
      "name": "IbmCosHmacDetector"
    },
    {
      "name": "IPPublicDetector"
    },
    {
      "name": "JwtTokenDetector"
    },
    {
      "name": "KeywordDetector",
      "keyword_exclude": ""
    },
    {
      "name": "MailchimpDetector"
    },
    {
      "name": "NpmDetector"
    },
    {
      "name": "OpenAIDetector"
    },
    {
      "name": "PrivateKeyDetector"
    },
    {
      "name": "PypiTokenDetector"
    },
    {
      "name": "SendGridDetector"
    },
    {
      "name": "SlackDetector"
    },
    {
      "name": "SoftlayerDetector"
    },
    {
      "name": "SquareOAuthDetector"
    },
    {
      "name": "StripeDetector"
    },
    {
      "name": "TelegramBotTokenDetector"
    },
    {
      "name": "TwilioKeyDetector"
    }
  ],
  "filters_used": [
    {
      "path": "detect_secrets.filters.allowlist.is_line_allowlisted"
    },
    {
      "path": "detect_secrets.filters.common.is_ignored_due_to_verification_policies",
      "min_level": 2
    },
    {
      "path": "detect_secrets.filters.heuristic.is_indirect_reference"
    },
    {
      "path": "detect_secrets.filters.heuristic.is_likely_id_string"
    },
    {
      "path": "detect_secrets.filters.heuristic.is_lock_file"
    },
    {
      "path": "detect_secrets.filters.heuristic.is_not_alphanumeric_string"
    },
    {
      "path": "detect_secrets.filters.heuristic.is_potential_uuid"
    },
    {
      "path": "detect_secrets.filters.heuristic.is_prefixed_with_dollar_sign"
    },
    {
      "path": "detect_secrets.filters.heuristic.is_sequential_string"
    },
    {
      "path": "detect_secrets.filters.heuristic.is_swagger_file"
    },
    {
      "path": "detect_secrets.filters.heuristic.is_templated_secret"
    },
    {
      "path": "detect_secrets.filters.regex.should_exclude_file",
      "pattern": [
        "(^|/)(\\.git|\\.venv|node_modules|__pycache__|\\.pytest_cache|\\.ruff_cache|coverage)(/|$)|(^|/)\\.secrets\\.baseline$"
      ]
    }
  ],
  "results": {
    ".github/workflows/ci.yml": [
      {
        "type": "Secret Keyword",
        "filename": ".github/workflows/ci.yml",
        "hashed_secret": "f4ed28bcd7415b1995b4dae08cb13ebf96712eef",
        "is_verified": false,
        "line_number": 189,
        "is_secret": false
      }
    ],
    "aos/api/auth/tests/test_register_api.py": [
      {
        "type": "Secret Keyword",
        "filename": "aos/api/auth/tests/test_register_api.py",
        "hashed_secret": "6052acf657148ec39725c596e25bd0612fd301a6",
        "is_verified": false,
        "line_number": 40,
        "is_secret": false
      }
    ],
    "aos/api/auth/verification.py": [
      {
        "type": "Secret Keyword",
        "filename": "aos/api/auth/verification.py",
        "hashed_secret": "a613756e030149431b0337e8b3a6c62440eb5ddc",
        "is_verified": false,
        "line_number": 16,
        "is_secret": false
      }
    ],
    "aos/tests/test_backup_readiness.py": [
      {
        "type": "Base64 High Entropy String",
        "filename": "aos/tests/test_backup_readiness.py",
        "hashed_secret": "3d7e2b492d3e050c16659f9b5c8f127d19a362d5",
        "is_verified": false,
        "line_number": 72,
        "is_secret": false
      },
      {
        "type": "Secret Keyword",
        "filename": "aos/tests/test_backup_readiness.py",
        "hashed_secret": "c6074a378f5827b9b90f58db5f32dc5530179aef",
        "is_verified": false,
        "line_number": 73,
        "is_secret": false
      }
    ],
    "aos/tests/test_callback_security.py": [
      {
        "type": "Secret Keyword",
        "filename": "aos/tests/test_callback_security.py",
        "hashed_secret": "f7993c728b5735171c6073982a0b7e53428716db",
        "is_verified": false,
        "line_number": 31,
        "is_secret": false
      }
    ],
    "aos/tests/test_core_feature_flows.py": [
      {
        "type": "Secret Keyword",
        "filename": "aos/tests/test_core_feature_flows.py",
        "hashed_secret": "6052acf657148ec39725c596e25bd0612fd301a6",
        "is_verified": false,
        "line_number": 54,
        "is_secret": false
      }
    ],
    "aos/tests/test_job_monitoring.py": [
      {
        "type": "Secret Keyword",
        "filename": "aos/tests/test_job_monitoring.py",
        "hashed_secret": "3e5ba65036d9840f00e94b378d1ff28eedf7d843",
        "is_verified": false,
        "line_number": 51,
        "is_secret": false
      }
    ],
    "aos/tests/test_operational_health.py": [
      {
        "type": "Base64 High Entropy String",
        "filename": "aos/tests/test_operational_health.py",
        "hashed_secret": "bff16e0f5f8c7632bae80f0ea4395229961fbf1e",
        "is_verified": false,
        "line_number": 56,
        "is_secret": false
      },
      {
        "type": "Secret Keyword",
        "filename": "aos/tests/test_operational_health.py",
        "hashed_secret": "bff16e0f5f8c7632bae80f0ea4395229961fbf1e",
        "is_verified": false,
        "line_number": 56,
        "is_secret": false
      },
      {
        "type": "Secret Keyword",
        "filename": "aos/tests/test_operational_health.py",
        "hashed_secret": "7cb68e973cf1ee4002eeea03500759232a21180b",
        "is_verified": false,
        "line_number": 62,
        "is_secret": false
      },
      {
        "type": "Base64 High Entropy String",
        "filename": "aos/tests/test_operational_health.py",
        "hashed_secret": "6eef286c2c6c4dc6a2960157b255482649861c4e",
        "is_verified": false,
        "line_number": 63,
        "is_secret": false
      },
      {
        "type": "Secret Keyword",
        "filename": "aos/tests/test_operational_health.py",
        "hashed_secret": "6eef286c2c6c4dc6a2960157b255482649861c4e",
        "is_verified": false,
        "line_number": 63,
        "is_secret": false
      },
      {
        "type": "Base64 High Entropy String",
        "filename": "aos/tests/test_operational_health.py",
        "hashed_secret": "ef0a06626ccf32196a94e103542b523992695c9d",
        "is_verified": false,
        "line_number": 65,
        "is_secret": false
      },
      {
        "type": "Secret Keyword",
        "filename": "aos/tests/test_operational_health.py",
        "hashed_secret": "ef0a06626ccf32196a94e103542b523992695c9d",
        "is_verified": false,
        "line_number": 65,
        "is_secret": false
      },
      {
        "type": "Secret Keyword",
        "filename": "aos/tests/test_operational_health.py",
        "hashed_secret": "bbceb7ca1441b4d579f0b3cf4b65ad869ebb998d",
        "is_verified": false,
        "line_number": 66,
        "is_secret": false
      },
      {
        "type": "Base64 High Entropy String",
        "filename": "aos/tests/test_operational_health.py",
        "hashed_secret": "8a08a11d27516790821041d720f7b3b980756435",
        "is_verified": false,
        "line_number": 70,
        "is_secret": false
      },
      {
        "type": "Secret Keyword",
        "filename": "aos/tests/test_operational_health.py",
        "hashed_secret": "8a08a11d27516790821041d720f7b3b980756435",
        "is_verified": false,
        "line_number": 70,
        "is_secret": false
      },
      {
        "type": "Base64 High Entropy String",
        "filename": "aos/tests/test_operational_health.py",
        "hashed_secret": "ed6b094c7ff411e9b5248fca39996623101baaa2",
        "is_verified": false,
        "line_number": 71,
        "is_secret": false
      },
      {
        "type": "Secret Keyword",
        "filename": "aos/tests/test_operational_health.py",
        "hashed_secret": "ed6b094c7ff411e9b5248fca39996623101baaa2",
        "is_verified": false,
        "line_number": 71,
        "is_secret": false
      },
      {
        "type": "Secret Keyword",
        "filename": "aos/tests/test_operational_health.py",
        "hashed_secret": "fd6ef9842e9f0e19a5cb37b99273bbd62b466cae",
        "is_verified": false,
        "line_number": 75,
        "is_secret": false
      },
      {
        "type": "Secret Keyword",
        "filename": "aos/tests/test_operational_health.py",
        "hashed_secret": "a3b9c2f3141f5bc168b8d0f77f7245663d950c85",
        "is_verified": false,
        "line_number": 76,
        "is_secret": false
      },
      {
        "type": "Base64 High Entropy String",
        "filename": "aos/tests/test_operational_health.py",
        "hashed_secret": "27dc5aac7b84f7e18aef9986862c0b7a58bf6d41",
        "is_verified": false,
        "line_number": 80,
        "is_secret": false
      },
      {
        "type": "Secret Keyword",
        "filename": "aos/tests/test_operational_health.py",
        "hashed_secret": "27dc5aac7b84f7e18aef9986862c0b7a58bf6d41",
        "is_verified": false,
        "line_number": 80,
        "is_secret": false
      },
      {
        "type": "Secret Keyword",
        "filename": "aos/tests/test_operational_health.py",
        "hashed_secret": "98ef0b19b4ad90526021ddfe32206750a69da7be",
        "is_verified": false,
        "line_number": 81,
        "is_secret": false
      },
      {
        "type": "Base64 High Entropy String",
        "filename": "aos/tests/test_operational_health.py",
        "hashed_secret": "4e0eed0e56b5f23df3cfa46d2047a21465874861",
        "is_verified": false,
        "line_number": 86,
        "is_secret": false
      },
      {
        "type": "Secret Keyword",
        "filename": "aos/tests/test_operational_health.py",
        "hashed_secret": "4e0eed0e56b5f23df3cfa46d2047a21465874861",
        "is_verified": false,
        "line_number": 86,
        "is_secret": false
      },
      {
        "type": "Secret Keyword",
        "filename": "aos/tests/test_operational_health.py",
        "hashed_secret": "60e98b0da608486333f0dd1e052d9c224774f431",
        "is_verified": false,
        "line_number": 87,
        "is_secret": false
      }
    ],
    "aos/tests/test_production_config_validation.py": [
      {
        "type": "Base64 High Entropy String",
        "filename": "aos/tests/test_production_config_validation.py",
        "hashed_secret": "bff16e0f5f8c7632bae80f0ea4395229961fbf1e",
        "is_verified": false,
        "line_number": 30,
        "is_secret": false
      },
      {
        "type": "Secret Keyword",
        "filename": "aos/tests/test_production_config_validation.py",
        "hashed_secret": "bff16e0f5f8c7632bae80f0ea4395229961fbf1e",
        "is_verified": false,
        "line_number": 30,
        "is_secret": false
      },
      {
        "type": "Secret Keyword",
        "filename": "aos/tests/test_production_config_validation.py",
        "hashed_secret": "7cb68e973cf1ee4002eeea03500759232a21180b",
        "is_verified": false,
        "line_number": 36,
        "is_secret": false
      },
      {
        "type": "Base64 High Entropy String",
        "filename": "aos/tests/test_production_config_validation.py",
        "hashed_secret": "6eef286c2c6c4dc6a2960157b255482649861c4e",
        "is_verified": false,
        "line_number": 37,
        "is_secret": false
      },
      {
        "type": "Secret Keyword",
        "filename": "aos/tests/test_production_config_validation.py",
        "hashed_secret": "6eef286c2c6c4dc6a2960157b255482649861c4e",
        "is_verified": false,
        "line_number": 37,
        "is_secret": false
      },
      {
        "type": "Base64 High Entropy String",
        "filename": "aos/tests/test_production_config_validation.py",
        "hashed_secret": "ef0a06626ccf32196a94e103542b523992695c9d",
        "is_verified": false,
        "line_number": 39,
        "is_secret": false
      },
      {
        "type": "Secret Keyword",
        "filename": "aos/tests/test_production_config_validation.py",
        "hashed_secret": "ef0a06626ccf32196a94e103542b523992695c9d",
        "is_verified": false,
        "line_number": 39,
        "is_secret": false
      },
      {
        "type": "Secret Keyword",
        "filename": "aos/tests/test_production_config_validation.py",
        "hashed_secret": "bbceb7ca1441b4d579f0b3cf4b65ad869ebb998d",
        "is_verified": false,
        "line_number": 40,
        "is_secret": false
      },
      {
        "type": "Base64 High Entropy String",
        "filename": "aos/tests/test_production_config_validation.py",
        "hashed_secret": "8a08a11d27516790821041d720f7b3b980756435",
        "is_verified": false,
        "line_number": 44,
        "is_secret": false
      },
      {
        "type": "Secret Keyword",
        "filename": "aos/tests/test_production_config_validation.py",
        "hashed_secret": "8a08a11d27516790821041d720f7b3b980756435",
        "is_verified": false,
        "line_number": 44,
        "is_secret": false
      },
      {
        "type": "Base64 High Entropy String",
        "filename": "aos/tests/test_production_config_validation.py",
        "hashed_secret": "ed6b094c7ff411e9b5248fca39996623101baaa2",
        "is_verified": false,
        "line_number": 45,
        "is_secret": false
      },
      {
        "type": "Secret Keyword",
        "filename": "aos/tests/test_production_config_validation.py",
        "hashed_secret": "ed6b094c7ff411e9b5248fca39996623101baaa2",
        "is_verified": false,
        "line_number": 45,
        "is_secret": false
      },
      {
        "type": "Secret Keyword",
        "filename": "aos/tests/test_production_config_validation.py",
        "hashed_secret": "fd6ef9842e9f0e19a5cb37b99273bbd62b466cae",
        "is_verified": false,
        "line_number": 49,
        "is_secret": false
      },
      {
        "type": "Secret Keyword",
        "filename": "aos/tests/test_production_config_validation.py",
        "hashed_secret": "a3b9c2f3141f5bc168b8d0f77f7245663d950c85",
        "is_verified": false,
        "line_number": 50,
        "is_secret": false
      },
      {
        "type": "Base64 High Entropy String",
        "filename": "aos/tests/test_production_config_validation.py",
        "hashed_secret": "27dc5aac7b84f7e18aef9986862c0b7a58bf6d41",
        "is_verified": false,
        "line_number": 54,
        "is_secret": false
      },
      {
        "type": "Secret Keyword",
        "filename": "aos/tests/test_production_config_validation.py",
        "hashed_secret": "27dc5aac7b84f7e18aef9986862c0b7a58bf6d41",
        "is_verified": false,
        "line_number": 54,
        "is_secret": false
      },
      {
        "type": "Secret Keyword",
        "filename": "aos/tests/test_production_config_validation.py",
        "hashed_secret": "98ef0b19b4ad90526021ddfe32206750a69da7be",
        "is_verified": false,
        "line_number": 55,
        "is_secret": false
      },
      {
        "type": "Base64 High Entropy String",
        "filename": "aos/tests/test_production_config_validation.py",
        "hashed_secret": "4e0eed0e56b5f23df3cfa46d2047a21465874861",
        "is_verified": false,
        "line_number": 60,
        "is_secret": false
      },
      {
        "type": "Secret Keyword",
        "filename": "aos/tests/test_production_config_validation.py",
        "hashed_secret": "4e0eed0e56b5f23df3cfa46d2047a21465874861",
        "is_verified": false,
        "line_number": 60,
        "is_secret": false
      },
      {
        "type": "Secret Keyword",
        "filename": "aos/tests/test_production_config_validation.py",
        "hashed_secret": "60e98b0da608486333f0dd1e052d9c224774f431",
        "is_verified": false,
        "line_number": 61,
        "is_secret": false
      },
      {
        "type": "Secret Keyword",
        "filename": "aos/tests/test_production_config_validation.py",
        "hashed_secret": "2fc58019fa7dc6dd9c594ba6911c75edb138f0d2",
        "is_verified": false,
        "line_number": 98,
        "is_secret": false
      }
    ],
    "ci/compose.env": [
      {
        "type": "Secret Keyword",
        "filename": "ci/compose.env",
        "hashed_secret": "0567b40d6336304e9f248eb21c2c03214c805fdb",
        "is_verified": false,
        "line_number": 2,
        "is_secret": false
      },
      {
        "type": "Secret Keyword",
        "filename": "ci/compose.env",
        "hashed_secret": "a329fb2134e752f6baad7e5c07ee8666dfcd4e48",
        "is_verified": false,
        "line_number": 3,
        "is_secret": false
      },
      {
        "type": "Secret Keyword",
        "filename": "ci/compose.env",
        "hashed_secret": "f4ed28bcd7415b1995b4dae08cb13ebf96712eef",
        "is_verified": false,
        "line_number": 6,
        "is_secret": false
      }
    ],
    "ci/image-manifest-evidence.txt": [
      {
        "type": "Hex High Entropy String",
        "filename": "ci/image-manifest-evidence.txt",
        "hashed_secret": "4007175f68f58a022a73a7c5457f4d6051d5c8ae",
        "is_verified": false,
        "line_number": 2,
        "is_secret": false
      },
      {
        "type": "Hex High Entropy String",
        "filename": "ci/image-manifest-evidence.txt",
        "hashed_secret": "2a1015962fe88d42bfd2ac00159a593c2c8d1e9f",
        "is_verified": false,
        "line_number": 4,
        "is_secret": false
      }
    ],
    "ci/versions.env": [
      {
        "type": "Hex High Entropy String",
        "filename": "ci/versions.env",
        "hashed_secret": "7365737a6fc353861f6d84c6cfcbc47a23cc27c5",
        "is_verified": false,
        "line_number": 3,
        "is_secret": false
      },
      {
        "type": "Hex High Entropy String",
        "filename": "ci/versions.env",
        "hashed_secret": "ccd38f9232cbfe2cb7061fc16c7dc60d87c23fa7",
        "is_verified": false,
        "line_number": 6,
        "is_secret": false
      },
      {
        "type": "Hex High Entropy String",
        "filename": "ci/versions.env",
        "hashed_secret": "8781b338101b2ea6e6086a23caeb39d9329f2232",
        "is_verified": false,
        "line_number": 9,
        "is_secret": false
      },
      {
        "type": "Hex High Entropy String",
        "filename": "ci/versions.env",
        "hashed_secret": "610d71e9c7e658c49d209eb59d59e859147c0cbc",
        "is_verified": false,
        "line_number": 11,
        "is_secret": false
      },
      {
        "type": "Hex High Entropy String",
        "filename": "ci/versions.env",
        "hashed_secret": "a91adf86358aa80779a138072c39e2bef8a872ad",
        "is_verified": false,
        "line_number": 13,
        "is_secret": false
      },
      {
        "type": "Hex High Entropy String",
        "filename": "ci/versions.env",
        "hashed_secret": "786dc0bb81ecd58b85fcd975623f9f4e6686067f",
        "is_verified": false,
        "line_number": 15,
        "is_secret": false
      },
      {
        "type": "Hex High Entropy String",
        "filename": "ci/versions.env",
        "hashed_secret": "cda42a441ce6540873930724dea6a724dda0bf32",
        "is_verified": false,
        "line_number": 24,
        "is_secret": false
      },
      {
        "type": "Hex High Entropy String",
        "filename": "ci/versions.env",
        "hashed_secret": "6f6cc0399221d59a4513278055e268d988161564",
        "is_verified": false,
        "line_number": 25,
        "is_secret": false
      }
    ],
    "docs/api/auth.md": [
      {
        "type": "Secret Keyword",
        "filename": "docs/api/auth.md",
        "hashed_secret": "6052acf657148ec39725c596e25bd0612fd301a6",
        "is_verified": false,
        "line_number": 99,
        "is_secret": false
      },
      {
        "type": "Secret Keyword",
        "filename": "docs/api/auth.md",
        "hashed_secret": "afdf4f40663c68538dd9730fbfc5d13319ed3497",
        "is_verified": false,
        "line_number": 384,
        "is_secret": false
      },
      {
        "type": "Secret Keyword",
        "filename": "docs/api/auth.md",
        "hashed_secret": "72b9570090ad15eda64fe4279acc64dad2e12049",
        "is_verified": false,
        "line_number": 407,
        "is_secret": false
      }
    ],
    "docs/production/load-testing.md": [
      {
        "type": "Secret Keyword",
        "filename": "docs/production/load-testing.md",
        "hashed_secret": "938619dc5062f6f0986653b1724557e2303ec802",
        "is_verified": false,
        "line_number": 76,
        "is_secret": false
      },
      {
        "type": "Secret Keyword",
        "filename": "docs/production/load-testing.md",
        "hashed_secret": "c139f8f168cc263753c459664622817ef4a2d923",
        "is_verified": false,
        "line_number": 94,
        "is_secret": false
      }
    ],
    "infra/analytics-pipeline/tests/test_service.py": [
      {
        "type": "Secret Keyword",
        "filename": "infra/analytics-pipeline/tests/test_service.py",
        "hashed_secret": "a8e6ea9e77cd178ecc184aa2d3df5513ee7645c2",
        "is_verified": false,
        "line_number": 10,
        "is_secret": false
      }
    ],
    "infra/analytics-pipeline/tests/test_worker.py": [
      {
        "type": "Secret Keyword",
        "filename": "infra/analytics-pipeline/tests/test_worker.py",
        "hashed_secret": "3514cbdee7f89ab21d38a36580664b9184c96bd3",
        "is_verified": false,
        "line_number": 22,
        "is_secret": false
      }
    ],
    "infra/load-testing/k6/env.example.json": [
      {
        "type": "Secret Keyword",
        "filename": "infra/load-testing/k6/env.example.json",
        "hashed_secret": "938619dc5062f6f0986653b1724557e2303ec802",
        "is_verified": false,
        "line_number": 4,
        "is_secret": false
      },
      {
        "type": "Secret Keyword",
        "filename": "infra/load-testing/k6/env.example.json",
        "hashed_secret": "c139f8f168cc263753c459664622817ef4a2d923",
        "is_verified": false,
        "line_number": 8,
        "is_secret": false
      }
    ],
    "infra/load-testing/k6/env.example.sh": [
      {
        "type": "Secret Keyword",
        "filename": "infra/load-testing/k6/env.example.sh",
        "hashed_secret": "938619dc5062f6f0986653b1724557e2303ec802",
        "is_verified": false,
        "line_number": 9,
        "is_secret": false
      },
      {
        "type": "Secret Keyword",
        "filename": "infra/load-testing/k6/env.example.sh",
        "hashed_secret": "c139f8f168cc263753c459664622817ef4a2d923",
        "is_verified": false,
        "line_number": 15,
        "is_secret": false
      }
    ],
    "infra/moderation/tests/test_service.py": [
      {
        "type": "Secret Keyword",
        "filename": "infra/moderation/tests/test_service.py",
        "hashed_secret": "a8e6ea9e77cd178ecc184aa2d3df5513ee7645c2",
        "is_verified": false,
        "line_number": 10,
        "is_secret": false
      }
    ],
    "infra/notification-delivery/firebase-service-account.example.json": [
      {
        "type": "Secret Keyword",
        "filename": "infra/notification-delivery/firebase-service-account.example.json",
        "hashed_secret": "652df3469825b92b56f9e880155c5c2c4ad28084",
        "is_verified": false,
        "line_number": 5,
        "is_secret": false
      }
    ],
    "infra/notification-delivery/tests/test_service.py": [
      {
        "type": "Secret Keyword",
        "filename": "infra/notification-delivery/tests/test_service.py",
        "hashed_secret": "a8e6ea9e77cd178ecc184aa2d3df5513ee7645c2",
        "is_verified": false,
        "line_number": 10,
        "is_secret": false
      }
    ],
    "infra/search-ranking/tests/test_service.py": [
      {
        "type": "Secret Keyword",
        "filename": "infra/search-ranking/tests/test_service.py",
        "hashed_secret": "a8e6ea9e77cd178ecc184aa2d3df5513ee7645c2",
        "is_verified": false,
        "line_number": 10,
        "is_secret": false
      }
    ],
    "infra/video-processing/tests/test_service.py": [
      {
        "type": "Secret Keyword",
        "filename": "infra/video-processing/tests/test_service.py",
        "hashed_secret": "a8e6ea9e77cd178ecc184aa2d3df5513ee7645c2",
        "is_verified": false,
        "line_number": 10,
        "is_secret": false
      }
    ]
  },
  "generated_at": "2026-07-18T18:00:00Z"
}
